Altair Ego: Emulating Altair BASIC 32K Rev. 3.2
OK
OK
I= 1
SUBROUTINE
AFTER GOSUB
I= 2
SUBROUTINE
AFTER GOSUB
DONE
OK
