Altair Ego: Emulating Altair BASIC 32K Rev. 3.2
OK
OK

TRIAL # 1 ? IN SUBROUTINE


TRIAL # 2 ? IN SUBROUTINE

OK
