Altair Ego: Emulating Altair BASIC 32K Rev. 3.2
OK
OK
TEST: GOSUB FROM FOR LOOP
IN LOOP, I= 1
  IN SUBROUTINE
IN LOOP, I= 2
  IN SUBROUTINE
IN LOOP, I= 3
  IN SUBROUTINE
TEST PASSED
OK
