Altair Ego: Emulating Altair BASIC 32K Rev. 3.2
OK
OK
I= 1
  INSIDE SUBROUTINE
I= 2
  INSIDE SUBROUTINE
I= 3
  INSIDE SUBROUTINE
OK
