Altair Ego: Emulating Altair BASIC 32K Rev. 3.2
OK
OK
Enter two numbers separated by comma: ? You entered:  0  and  0
Sum:  0
OK
