Altair Ego: Emulating Altair BASIC 32K Rev. 3.2
OK
OK
A$( 1 )=H
A$( 2 )=E
A$( 3 )=L
A$( 4 )=L
A$( 5 )=O
HELLO
OK
