Altair Ego: Emulating Altair BASIC 32K Rev. 3.2
OK
OK
TEST: COMPLEX LOOP JUMPS
I LOOP, I= 1
  J LOOP, J= 1
  J LOOP, J= 2
  JUMPED OUT OF J LOOP
I LOOP, I= 2
  J LOOP, J= 1
  J LOOP, J= 2
  JUMPED OUT OF J LOOP
OUTSIDE ALL LOOPS
K LOOP, K= 1
K LOOP, K= 2
TEST PASSED
OK
