Altair Ego: Emulating Altair BASIC 32K Rev. 3.2
OK
OK
=== ARRAY TESTS ===
A( 0 )= 0
A( 1 )= 1
A( 2 )= 4
A( 3 )= 9
A( 4 )= 16
A( 5 )= 25
A( 6 )= 36
A( 7 )= 49
A( 8 )= 64
A( 9 )= 81
A( 10 )= 100
B( 0           0 )= 0
B( 0           1 )= 1
B( 0           2 )= 2
B( 0           3 )= 3
B( 1           0 )= 1
B( 1           1 )= 2
B( 1           2 )= 3
B( 1           3 )= 4
B( 2           0 )= 2
B( 2           1 )= 3
B( 2           2 )= 4
B( 2           3 )= 5
B( 3           0 )= 3
B( 3           1 )= 4
B( 3           2 )= 5
B( 3           3 )= 6
B( 4           0 )= 4
B( 4           1 )= 5
B( 4           2 )= 6
B( 4           3 )= 7
B( 5           0 )= 5
B( 5           1 )= 6
B( 5           2 )= 7
B( 5           3 )= 8
C$( 0 )=ZERO
C$( 1 )=ONE
C$( 2 )=TWO
=== STRING MANIPULATION ===
Original: HELLO WORLD
Length:  11
Left 5: HELLO
Right 5: WORLD
Mid 3,5: LLO W
ABC < DEF
Strings equal
OK
