Altair Ego: Emulating Altair BASIC 32K Rev. 3.2
OK
OK
 1      2       3
 10     20      30
OK
