Altair Ego: Emulating Altair BASIC 32K Rev. 3.2
OK
OK
TEST: GOTO OUT OF FOR LOOP
IN LOOP, I= 1
IN LOOP, I= 2
IN LOOP, I= 3
JUMPED OUT OF LOOP
SECOND LOOP, I= 1
SECOND LOOP, I= 2
TEST PASSED
OK
