Altair Ego: Emulating Altair BASIC 32K Rev. 3.2
OK
OK
TEST: GOTO INTO FOR LOOP
INSIDE LOOP
NEXT WITHOUT FOR
OK
