Altair Ego: Emulating Altair BASIC 32K Rev. 3.2
OK
OK
ASC of 'A':    65
VAL of '123':  123
VAL of '45.67':              45.67
OK
