Altair Ego: Emulating Altair BASIC 32K Rev. 3.2
OK
OK
SYNTAX ERROR
SYNTAX ERROR
SYNTAX ERROR
SYNTAX ERROR
ILLEGAL VARIABLE NAME
OK
