Altair Ego: Emulating Altair BASIC 32K Rev. 3.2
OK
OK
String array comparison works
ABC
X$=B
OK
