Altair Ego: Emulating Altair BASIC 32K Rev. 3.2
OK
OK
TRIAL # 1 SUBROUTINE

TRIAL # 2 SUBROUTINE

TRIAL # 3 SUBROUTINE

DONE
OK
