Altair Ego: Emulating Altair BASIC 32K Rev. 3.2
OK
OK
=== EDGE CASE TESTS ===
Testing division by zero...
DIVISION BY ZERO
OK
