Altair Ego: Emulating Altair BASIC 32K Rev. 3.2
OK
OK
I= 1
SUBROUTINE
I= 2
SUBROUTINE
DONE
OK
