Altair Ego: Emulating Altair BASIC 32K Rev. 3.2
OK
OK
NUMBER? OK, NUMBER IS 0
OK
