Altair Ego: Emulating Altair BASIC 32K Rev. 3.2
OK
OK
TYPE MISMATCH
OK
