Altair Ego: Emulating Altair BASIC 32K Rev. 3.2
OK
OK
TRIAL # 1
IN SUBROUTINE
BACK FROM GOSUB
TRIAL # 2
IN SUBROUTINE
BACK FROM GOSUB
TRIAL # 3
IN SUBROUTINE
BACK FROM GOSUB
DONE
OK
