Altair Ego: Emulating Altair BASIC 32K Rev. 3.2
OK
OK
A 1
A 2
A 3
 Done with A
 5  1
 5  2
 6  1
 6  2
 7  1
 7  2
X= 10
X= 11
X= 12
Finished
OK
