Altair Ego: Emulating Altair BASIC 32K Rev. 3.2
OK
OK
     S       M       T       W       T       F       S

 1          2       3       4       5       6       7
OK
